The database used is postgresql
